../Drivers/CMSIS/Include/core_cm4.h:2064:26:ITM_SendChar	16	static,ignoring_inline_asm
../Core/Src/main.c:88:5:_write	32	static
../Core/Src/main.c:102:5:main	8	static
../Core/Src/main.c:192:6:SystemClock_Config	88	static
../Core/Src/main.c:240:13:MX_I2C1_Init	8	static
../Core/Src/main.c:274:13:MX_USART2_UART_Init	8	static
../Core/Src/main.c:307:13:MX_GPIO_Init	48	static
../Core/Src/main.c:340:6:HAL_UART_RxCpltCallback	16	static
../Core/Src/main.c:357:6:StartDefaultTask	56	dynamic
../Core/Src/main.c:425:6:HAL_TIM_PeriodElapsedCallback	16	static
../Core/Src/main.c:442:6:Error_Handler	4	static,ignoring_inline_asm
